// Jest Snapshot v1, https://goo.gl/fbAQLP

exports[`Pin layout 1`] = `
Object {
  "box": Object {
    "height": 10,
    "width": 10,
  },
  "type": "Pin",
}
`;

exports[`Pin rendering 1`] = `
<DocumentFragment>
  <svg>
    <circle
      r="5"
      style="fill: #6b6659; stroke-width: 2px; stroke: #000;"
      transform="translate(5 5)"
    />
  </svg>
</DocumentFragment>
`;
