// Jest Snapshot v1, https://goo.gl/fbAQLP

exports[`Error Page rendering 1`] = `
<Fragment>
  <withI18nextTranslation(Metadata)
    title="TRANSLATE(Page Not Found)"
  />
  <Message
    heading="TRANSLATE(404 Page Not Found)"
    type="error"
  >
    <p>
      <Trans>
        The page you have requested could not be found.
      </Trans>
    </p>
  </Message>
</Fragment>
`;
