// Jest Snapshot v1, https://goo.gl/fbAQLP

exports[`Error Page rendering 1`] = `
<DocumentFragment>
  <span
    data-component="Metadata"
    data-props="{
  \\"title\\": \\"TRANSLATE(Page Not Found)\\"
}"
  />
  <span
    data-component="Message"
    data-props="{
  \\"type\\": \\"error\\",
  \\"heading\\": \\"TRANSLATE(404 Page Not Found)\\"
}"
  >
    <p>
      <span
        data-component="Trans"
        data-props="{}"
      >
        The page you have requested could not be found.
      </span>
    </p>
  </span>
</DocumentFragment>
`;
