// Jest Snapshot v1, https://goo.gl/fbAQLP

exports[`Index Page rendering 1`] = `
<Fragment>
  <Metadata />
  <noscript>
    <Message
      heading="JavaScript Required"
      type="error"
    >
      <p>
        You need JavaScript to use Regexper.
      </p>
      <p>
        If you have concerns regarding the use of tracking code on Regexper, please see the 
        <mockConstructor
          to="/privacy"
        >
          Privacy Policy
        </mockConstructor>
        .
      </p>
    </Message>
  </noscript>
  <div>
    <WithMergedOptions(TransComponent)>
      Hello world
    </WithMergedOptions(TransComponent)>
  </div>
</Fragment>
`;
