// Jest Snapshot v1, https://goo.gl/fbAQLP

exports[`Privacy Page rendering 1`] = `
<DocumentFragment>
  <span
    data-component="Metadata"
    data-props="{
  \\"title\\": \\"TRANSLATE(Privacy Policy)\\"
}"
  />
  <span
    data-component="PrivacyPolicy"
    data-props="{}"
  />
</DocumentFragment>
`;
