// Jest Snapshot v1, https://goo.gl/fbAQLP

exports[`Footer rendering 1`] = `
<footer
  className="footer"
>
  <ul
    className="list"
  >
    <li>
      <WithMergedOptions(TransComponent)>
        Created by 
        <a
          href="mailto:jeff.avallone@gmail.com"
        >
          Jeff Avallone
        </a>
      </WithMergedOptions(TransComponent)>
    </li>
    <li>
      <WithMergedOptions(TransComponent)>
        Generated images licensed: 
        <a
          href="http://creativecommons.org/licenses/by/3.0/"
          rel="license external noopener noreferrer"
          target="_blank"
        >
          <img
            alt="TRANSLATE(Creative Commons CC-BY-3.0 License)"
            src="cc-by.svg"
          />
        </a>
      </WithMergedOptions(TransComponent)>
    </li>
  </ul>
  <div
    className="buildId"
  >
    abc-123
  </div>
</footer>
`;
