// Jest Snapshot v1, https://goo.gl/fbAQLP

exports[`Footer rendering 1`] = `
<DocumentFragment>
  <footer
    class="footer"
  >
    <ul
      class="list"
    >
      <li>
        <span
          data-component="Trans"
          data-props="{}"
        >
          Created by 
          <a
            href="mailto:jeff.avallone@gmail.com"
          >
            Jeff Avallone
          </a>
        </span>
      </li>
      <li>
        <span
          data-component="Trans"
          data-props="{}"
        >
          Generated images licensed: 
          <a
            href="http://creativecommons.org/licenses/by/3.0/"
            rel="license external noopener noreferrer"
            target="_blank"
          >
            <img
              alt="TRANSLATE(Creative Commons CC-BY-3.0 License)"
              src="cc-by.svg"
            />
          </a>
        </span>
      </li>
    </ul>
    <div
      class="buildId"
    >
      abc-123
    </div>
  </footer>
</DocumentFragment>
`;
