// Jest Snapshot v1, https://goo.gl/fbAQLP

exports[`LocaleSwitcher rendering 1`] = `
<label>
  <WithMergedOptions(TransComponent)>
    Language
  </WithMergedOptions(TransComponent)>
  <div
    className="switcher"
  >
    <select
      onChange={[Function]}
      value="en"
    >
      <option
        key="en"
        value="en"
      >
        English
      </option>
      <option
        key="other"
        value="other"
      >
        Other
      </option>
    </select>
    <ChevronsDown
      color="currentColor"
      size="24"
    />
  </div>
</label>
`;
