// Jest Snapshot v1, https://goo.gl/fbAQLP

exports[`LocaleSwitcher rendering 1`] = `
<DocumentFragment>
  <label>
    <span
      data-component="Trans"
      data-props="{}"
    >
      Language
    </span>
    <div
      class="switcher"
    >
      <select
        data-testid="language-select"
      >
        <option
          value="en"
        >
          English
        </option>
        <option
          value="other"
        >
          Other
        </option>
      </select>
      <span
        data-component="ChevronsDown"
        data-props="{}"
      />
    </div>
  </label>
</DocumentFragment>
`;
