// Jest Snapshot v1, https://goo.gl/fbAQLP

exports[`Form rendering 1`] = `
<div
  className="form"
  data-requires-js={true}
>
  <form
    onSubmit={[Function]}
  >
    <textarea
      autoFocus={true}
      name="expr"
      onChange={[Function]}
      onKeyPress={[Function]}
      placeholder="TRANSLATE(Enter regular expression to display)"
    />
    <button
      type="submit"
    >
      <Trans>
        Display
      </Trans>
    </button>
    <div
      className="select"
    >
      <select
        name="syntax"
        onChange={[Function]}
      >
        <option
          key="testJS"
          value="testJS"
        >
          TRANSLATE(Testing JS)
        </option>
        <option
          key="other"
          value="other"
        >
          TRANSLATE(Other)
        </option>
      </select>
      <ChevronsDown
        color="currentColor"
        size="24"
      />
    </div>
    Actions
  </form>
</div>
`;
