// Jest Snapshot v1, https://goo.gl/fbAQLP

exports[`Form rendering 1`] = `
<DocumentFragment>
  <div
    class="form"
    data-requires-js="true"
  >
    <form
      data-testid="form"
    >
      <textarea
        data-testid="expr-input"
        name="expr"
        placeholder="TRANSLATE(Enter regular expression to display)"
      />
      <button
        type="submit"
      >
        <span
          data-component="Trans"
          data-props="{}"
        >
          Display
        </span>
      </button>
      <div
        class="select"
      >
        <select
          data-testid="syntax-select"
          name="syntax"
        >
          <option
            value="testJS"
          >
            TRANSLATE(Testing JS)
          </option>
          <option
            value="other"
          >
            TRANSLATE(Other)
          </option>
        </select>
        <span
          data-component="ChevronsDown"
          data-props="{}"
        />
      </div>
      Actions
    </form>
  </div>
</DocumentFragment>
`;
