// Jest Snapshot v1, https://goo.gl/fbAQLP

exports[`Layout rendering 1`] = `
<DocumentFragment>
  <span
    data-component="SentryBoundary"
    data-props="{}"
  >
    <noscript />
    <span
      data-component="Header"
      data-props="{
  \\"banner\\": \\"Test Banner\\"
}"
    />
    <span
      data-component="SentryBoundary"
      data-props="{}"
    >
      Example content
    </span>
    <span
      data-component="Footer"
      data-props="{
  \\"buildId\\": \\"test-buildid\\"
}"
    />
  </span>
</DocumentFragment>
`;
