// Jest Snapshot v1, https://goo.gl/fbAQLP

exports[`Layout rendering 1`] = `
<SentryBoundary>
  <noscript>
    <style
      type="text/css"
    >
      
  [data-requires-js] {
    display: none !important;
  }

    </style>
  </noscript>
  <withI18nextTranslation(Header)
    banner="Test Banner"
  />
  <SentryBoundary>
    Example content
  </SentryBoundary>
  <withI18nextTranslation(Footer)
    buildId="test-buildid"
  />
</SentryBoundary>
`;
