// Jest Snapshot v1, https://goo.gl/fbAQLP

exports[`SentryError rendering 1`] = `
<DocumentFragment>
  <span
    data-component="Message"
    data-props="{
  \\"type\\": \\"error\\",
  \\"heading\\": \\"TRANSLATE(An error has occurred)\\"
}"
  >
    <p>
      <span
        data-component="Trans"
        data-props="{}"
      >
        This error has been logged. You may also 
        <a
          data-testid="error-report"
          href="#error-report"
        >
          fill out a report
        </a>
        .
      </span>
    </p>
  </span>
</DocumentFragment>
`;
