// Jest Snapshot v1, https://goo.gl/fbAQLP

exports[`SentryError rendering 1`] = `
<Message
  heading="TRANSLATE(An error has occurred)"
  type="error"
>
  <p>
    <Trans>
      This error has been logged. You may also 
      <a
        href="#error-report"
        onClick={[Function]}
      >
        fill out a report
      </a>
      .
    </Trans>
  </p>
</Message>
`;
