// Jest Snapshot v1, https://goo.gl/fbAQLP

exports[`FormActions rendering 1`] = `
<DocumentFragment>
  <ul
    class="actions"
  />
</DocumentFragment>
`;

exports[`FormActions rendering with a permalink 1`] = `
<DocumentFragment>
  <ul
    class="actions"
  >
    <li>
      <a
        href="http://example.com"
      >
        <span
          data-component="Link"
          data-props="{}"
        />
        <span
          data-component="Trans"
          data-props="{}"
        >
          Permalink
        </span>
      </a>
    </li>
  </ul>
</DocumentFragment>
`;
