// Jest Snapshot v1, https://goo.gl/fbAQLP

exports[`InstallPrompt rendering 1`] = `<DocumentFragment />`;

exports[`InstallPrompt rendering after an install prompt has been requested 1`] = `<DocumentFragment />`;

exports[`InstallPrompt rendering after an install prompt has been requested 2`] = `
<DocumentFragment>
  <a
    data-testid="install"
    href="#install"
  >
    <span
      data-component="Trans"
      data-props="{}"
    >
      Add to Home Screen
    </span>
  </a>
</DocumentFragment>
`;
